# read an event with 354 particles
#--------------------------------------------------------------------------
#                         FastJet release 3.2.0
#                 M. Cacciari, G.P. Salam and G. Soyez                  
#     A software package for jet finding and analysis at colliders      
#                           http://fastjet.fr                           
#	                                                                      
# Please cite EPJC72(2012)1896 [arXiv:1111.6097] if you use this package
# for scientific work and optionally PLB641(2006)57 [hep-ph/0512210].   
#                                                                       
# FastJet is provided without warranty under the terms of the GNU GPLv2.
# It uses T. Chan's closest pair algorithm, S. Fortune's Voronoi code
# and 3rd party plugin jet algorithms. See COPYING file for details.
#--------------------------------------------------------------------------
-------------------------------------------------------------------------------------
EnergyCorrelator: C series 
-------------------------------------------------------------------------------------
   beta             C1             C2             C3
  1.000       0.010342       0.097588       0.270742
  2.000       0.001315       0.158011       0.279675
-------------------------------------------------------------------------------------
EnergyCorrelator: D2, orignal (alpha=beta) and generalized 
-------------------------------------------------------------------------------------
   beta             D2    D2(alpha=1)    D2(alpha=2)
  1.000       9.435950       9.435950  223402.841831
  2.000     120.129760       0.218810     120.129760
-------------------------------------------------------------------------------------
EnergyCorrelator: N series  
-------------------------------------------------------------------------------------
   beta             N2             N3
  1.000       0.430942       1.979487
  2.000       0.365859       6.700247
-------------------------------------------------------------------------------------
EnergyCorrelator: M series 
-------------------------------------------------------------------------------------
   beta             M2             M3
  1.000       0.071101       0.099746
  2.000       0.010448       0.036511
-------------------------------------------------------------------------------------
EnergyCorrelator: U series 
-------------------------------------------------------------------------------------
   beta             U1             U2             U3
  0.500     0.05378579     0.00805855     0.00105555
  1.000     0.01034218     0.00073534     0.00007335
  2.000     0.00131534     0.00001374     0.00000050
