# read an event with 354 particles
#--------------------------------------------------------------------------
#                         FastJet release 3.2.0
#                 M. Cacciari, G.P. Salam and G. Soyez                  
#     A software package for jet finding and analysis at colliders      
#                           http://fastjet.fr                           
#	                                                                      
# Please cite EPJC72(2012)1896 [arXiv:1111.6097] if you use this package
# for scientific work and optionally PLB641(2006)57 [hep-ph/0512210].   
#                                                                       
# FastJet is provided without warranty under the terms of the GNU GPLv2.
# It uses T. Chan's closest pair algorithm, S. Fortune's Voronoi code
# and 3rd party plugin jet algorithms. See COPYING file for details.
#--------------------------------------------------------------------------
-------------------------------------------------------------------------------------
EnergyCorrelator:  ECF(N,beta) with pt_R
-------------------------------------------------------------------------------------
   beta      N=1 (GeV)    N=2 (GeV^2)    N=3 (GeV^3)    N=4 (GeV^4)     N=5 (GeV^5)
  0.100         983.64      265690.56    27540663.76  1287213926.38  30113720909.66 
  0.200         983.64      172787.11     8222752.45   134175168.40    888560847.26 
  0.500         983.64       52039.98      364021.49      608244.06       356259.05 
  1.000         983.64       10006.49        9934.06        2670.10          271.98 
  1.500         983.64        3001.20        1066.15         118.17            4.24 
  2.000         983.64        1272.64         260.18          14.88            0.22 
-------------------------------------------------------------------------------------

-------------------------------------------------------------------------------------
EnergyCorrelatorRatio:  r_N^(beta) = ECF(N+1,beta)/ECF(N,beta) with pt_R
-------------------------------------------------------------------------------------
   beta      N=0 (GeV)      N=1 (GeV)      N=2 (GeV)      N=3 (GeV)       N=4 (GeV) 
  0.100       983.6369       270.1104       103.6569        46.7387         23.3945 
  0.200       983.6369       175.6615        47.5889        16.3175          6.6224 
  0.500       983.6369        52.9057         6.9950         1.6709          0.5857 
  1.000       983.6369        10.1730         0.9928         0.2688          0.1019 
  1.500       983.6369         3.0511         0.3552         0.1108          0.0359 
  2.000       983.6369         1.2938         0.2044         0.0572          0.0151 
-------------------------------------------------------------------------------------

-------------------------------------------------------------------------------------
EnergyCorrelatorDoubleRatio:  C_N^(beta) = r_N^(beta)/r_{N-1}^(beta) with pt_R
-------------------------------------------------------------------------------------
   beta            N=1            N=2            N=3            N=4 
  0.100       0.274604       0.383758       0.450898       0.500538 
  0.200       0.178584       0.270913       0.342885       0.405845 
  0.500       0.053786       0.132217       0.238870       0.350540 
  1.000       0.010342       0.097588       0.270742       0.378972 
  1.500       0.003102       0.116430       0.312016       0.323906 
  2.000       0.001315       0.158011       0.279675       0.263310 
-------------------------------------------------------------------------------------

-------------------------------------------------------------------------------------
EnergyCorrelatorC1:  C_1^(beta) = ECF(2,beta)/ECF(1,beta)^2 with pt_R
-------------------------------------------------------------------------------------
   beta         C1 obs 
  0.100       0.274604 
  0.200       0.178584 
  0.500       0.053786 
  1.000       0.010342 
  1.500       0.003102 
  2.000       0.001315 
-------------------------------------------------------------------------------------

-------------------------------------------------------------------------------------
EnergyCorrelatorC2:  C_2^(beta) = ECF(3,beta)*ECF(1,beta)/ECF(2,beta)^2 with pt_R
-------------------------------------------------------------------------------------
   beta         C2 obs 
  0.100       0.383758 
  0.200       0.270913 
  0.500       0.132217 
  1.000       0.097588 
  1.500       0.116430 
  2.000       0.158011 
-------------------------------------------------------------------------------------

-------------------------------------------------------------------------------------
EnergyCorrelatorD2:  D_2^(beta) = ECF(3,beta)*ECF(1,beta)^3/ECF(2,beta)^3 with pt_R
-------------------------------------------------------------------------------------
   beta         D2 obs 
  0.100       1.397496 
  0.200       1.517007 
  0.500       2.458216 
  1.000       9.435950 
  1.500      37.535182 
  2.000     120.129760 
-------------------------------------------------------------------------------------

-------------------------------------------------------------------------------------
EnergyCorrelatorGeneralizedD2:  D_2^(alpha, beta) = ECFN(3,alpha)/ECFN(2,beta)^(3*alpha/beta) with pt_R
-------------------------------------------------------------------------------------
   beta      alpha = 0.100      alpha = 0.200      alpha = 0.500      alpha = 1.000
  0.200             0.3834             1.5170           156.2463       1741793.7615 
  0.500             0.1671             0.2882             2.4582           431.1389 
  1.000             0.1140             0.1342             0.3637             9.4359 
  1.500             0.0919             0.0871             0.1233             1.0849 
  2.000             0.0783             0.0632             0.0554             0.2188 
-------------------------------------------------------------------------------------

-------------------------------------------------------------------------------------
EnergyCorrelatorGeneralized (angles = N Choose 2):  ECFN(N, beta) with pt_R
-------------------------------------------------------------------------------------
   beta     N=1            N=2            N=3            N=4
  0.100    1.00   0.2746037664   0.0289380967   0.0013750278 
  0.200    1.00   0.1785836568   0.0086399808   0.0001433286 
  0.500    1.00   0.0537857869   0.0003824922   0.0000006497 
  1.000    1.00   0.0103421840   0.0000104381   0.0000000029 
  1.500    1.00   0.0031018827   0.0000011202   0.0000000001 
  2.000    1.00   0.0013153375   0.0000002734   0.0000000000 
-------------------------------------------------------------------------------------

-------------------------------------------------------------------------------------
EnergyCorrelatorGeneralized:  ECFG(angles, N, beta=1) with pt_R
-------------------------------------------------------------------------------------
 angles     N=1            N=2            N=3            N=4
      1    1.00   0.0103421840   0.0007353402   0.0000733472 
      2                          0.0000460939   0.0000010704 
      3                          0.0000104381   0.0000000552 
      4                                         0.0000000114 
      5                                         0.0000000045 
      6                                         0.0000000029 
-------------------------------------------------------------------------------------

-------------------------------------------------------------------------------------
EnergyCorrelatorNseries:  N_i(beta) = ECFG(i+1, 2, beta)/ECFG(i, 1, beta)^2 with pt_R
-------------------------------------------------------------------------------------
   beta            N=1            N=2            N=3 
  0.100       0.178584       0.551898       1.506618 
  0.200       0.078954       0.534774       1.521976 
  0.500       0.010342       0.487547       1.601014 
  1.000       0.001315       0.430942       1.979487 
  1.500       0.000437       0.391935       3.250084 
  2.000       0.000220       0.365859       6.700247 
-------------------------------------------------------------------------------------

-------------------------------------------------------------------------------------
EnergyCorrelatorN2:  N2(beta) = ECFG(3, 2, beta)/ECFG(2, 1, beta)^2 with pt_R
-------------------------------------------------------------------------------------
   beta         N2 obs 
  0.100       0.551898 
  0.200       0.534774 
  0.500       0.487547 
  1.000       0.430942 
  1.500       0.391935 
  2.000       0.365859 
-------------------------------------------------------------------------------------

-------------------------------------------------------------------------------------
EnergyCorrelatorN3:  N3(beta) = ECFG(4, 2, beta)/ECFG(3, 1, beta)^2 with pt_R
-------------------------------------------------------------------------------------
   beta         N3 obs 
  0.100       1.506618 
  0.200       1.521976 
  0.500       1.601014 
  1.000       1.979487 
  1.500       3.250084 
  2.000       6.700247 
-------------------------------------------------------------------------------------

-------------------------------------------------------------------------------------
EnergyCorrelatorMseries:  M_i(beta) = ECFG(i+1, 1, beta)/ECFN(i, 1, beta) with pt_R
-------------------------------------------------------------------------------------
   beta            N=1            N=2            N=3 
  0.100       0.274604       0.225158       0.151396 
  0.200       0.178584       0.206357       0.146715 
  0.500       0.053786       0.149827       0.130985 
  1.000       0.010342       0.071101       0.099746 
  1.500       0.003102       0.027603       0.065806 
  2.000       0.001315       0.010448       0.036511 
-------------------------------------------------------------------------------------

-------------------------------------------------------------------------------------
EnergyCorrelatorM2:  M2(beta) = ECFG(3, 1, beta)/ECFG(3, 1, beta) with pt_R
-------------------------------------------------------------------------------------
   beta         M2 obs 
  0.100       0.225158 
  0.200       0.206357 
  0.500       0.149827 
  1.000       0.071101 
  1.500       0.027603 
  2.000       0.010448 
-------------------------------------------------------------------------------------

-------------------------------------------------------------------------------------
EnergyCorrelatorCseries:  C_i(beta) = ECFN(i-1, beta)*ECFN(i+1, beta)/ECFN(i, beta)^2 with pt_R
-------------------------------------------------------------------------------------
   beta                  N=1                  N=2                  N=3 
  0.100         0.2746037664         0.3837575950         0.4508977207 
  0.200         0.1785836568         0.2709126926         0.3428854490 
  0.500         0.0537857869         0.1322170711         0.2388696533 
  1.000         0.0103421840         0.0975883303         0.2707417692 
  1.500         0.0031018827         0.1164297328         0.3120164994 
  2.000         0.0013153375         0.1580111821         0.2796746959 
-------------------------------------------------------------------------------------

-------------------------------------------------------------------------------------
EnergyCorrelatorUseries:  U_i(beta) = ECFG(i+1, 1, beta) with pt_R
-------------------------------------------------------------------------------------
   beta                  N=1                  N=2                  N=3 
  0.100         0.2746037664         0.0618292258         0.0093606928 
  0.200         0.1785836568         0.0368519186         0.0054067344 
  0.500         0.0537857869         0.0080585540         0.0010555469 
  1.000         0.0103421840         0.0007353402         0.0000733472 
  1.500         0.0031018827         0.0000856204         0.0000056343 
  2.000         0.0013153375         0.0000137425         0.0000005017 
-------------------------------------------------------------------------------------

-------------------------------------------------------------------------------------
EnergyCorrelatorU1:  U1(beta) = ECFG(2, 1, beta) with pt_R
-------------------------------------------------------------------------------------
   beta         U1 obs 
  0.100   0.2746037664 
  0.200   0.1785836568 
  0.500   0.0537857869 
  1.000   0.0103421840 
  1.500   0.0031018827 
  2.000   0.0013153375 
-------------------------------------------------------------------------------------

-------------------------------------------------------------------------------------
EnergyCorrelatorU2:  U2(beta) = ECFG(3, 1, beta) with pt_R
-------------------------------------------------------------------------------------
   beta         U2 obs 
  0.100   0.0618292258 
  0.200   0.0368519186 
  0.500   0.0080585540 
  1.000   0.0007353402 
  1.500   0.0000856204 
  2.000   0.0000137425 
-------------------------------------------------------------------------------------

-------------------------------------------------------------------------------------
EnergyCorrelatorU3:  U3(beta) = ECFG(4, 1, beta) with pt_R
-------------------------------------------------------------------------------------
   beta         U3 obs 
  0.100   0.0093606928 
  0.200   0.0054067344 
  0.500   0.0010555469 
  1.000   0.0000733472 
  1.500   0.0000056343 
  2.000   0.0000005017 
-------------------------------------------------------------------------------------

-------------------------------------------------------------------------------------
EnergyCorrelator:  ECF(N,beta) with E_theta
-------------------------------------------------------------------------------------
   beta      N=1 (GeV)    N=2 (GeV^2)    N=3 (GeV^3)    N=4 (GeV^4)     N=5 (GeV^5)
  0.100        1378.16      504056.94    68362746.10  4040636656.75 115642116882.67 
  0.200        1378.16      316828.68    18441161.70   345185274.86   2475861856.72 
  0.500        1378.16       86243.22      614652.00      941844.70       459093.24 
  1.000        1378.16       14186.79       11682.63        2060.77           92.98 
  1.500        1378.16        3751.90         907.11          39.34            0.27 
  2.000        1378.16        1439.57         152.71           1.84            0.00 
-------------------------------------------------------------------------------------

-------------------------------------------------------------------------------------
EnergyCorrelatorRatio:  r_N^(beta) = ECF(N+1,beta)/ECF(N,beta) with E_theta
-------------------------------------------------------------------------------------
   beta      N=0 (GeV)      N=1 (GeV)      N=2 (GeV)      N=3 (GeV)       N=4 (GeV) 
  0.100      1378.1622       365.7457       135.6250        59.1058         28.6198 
  0.200      1378.1622       229.8922        58.2055        18.7182          7.1726 
  0.500      1378.1622        62.5784         7.1270         1.5323          0.4874 
  1.000      1378.1622        10.2940         0.8235         0.1764          0.0451 
  1.500      1378.1622         2.7224         0.2418         0.0434          0.0069 
  2.000      1378.1622         1.0446         0.1061         0.0121          0.0013 
-------------------------------------------------------------------------------------

-------------------------------------------------------------------------------------
EnergyCorrelatorDoubleRatio:  C_N^(beta) = r_N^(beta)/r_{N-1}^(beta) with E_theta
-------------------------------------------------------------------------------------
   beta            N=1            N=2            N=3            N=4 
  0.100       0.265387       0.370818       0.435803       0.484212 
  0.200       0.166811       0.253186       0.321588       0.383186 
  0.500       0.045407       0.113888       0.215004       0.318106 
  1.000       0.007469       0.079997       0.214207       0.255786 
  1.500       0.001975       0.088810       0.179360       0.160180 
  2.000       0.000758       0.101555       0.113867       0.106401 
-------------------------------------------------------------------------------------

-------------------------------------------------------------------------------------
EnergyCorrelatorC1:  C_1^(beta) = ECF(2,beta)/ECF(1,beta)^2 with E_theta
-------------------------------------------------------------------------------------
   beta         C1 obs 
  0.100       0.265387 
  0.200       0.166811 
  0.500       0.045407 
  1.000       0.007469 
  1.500       0.001975 
  2.000       0.000758 
-------------------------------------------------------------------------------------

-------------------------------------------------------------------------------------
EnergyCorrelatorC2:  C_2^(beta) = ECF(3,beta)*ECF(1,beta)/ECF(2,beta)^2 with E_theta
-------------------------------------------------------------------------------------
   beta         C2 obs 
  0.100       0.370818 
  0.200       0.253186 
  0.500       0.113888 
  1.000       0.079997 
  1.500       0.088810 
  2.000       0.101555 
-------------------------------------------------------------------------------------

-------------------------------------------------------------------------------------
EnergyCorrelatorD2:  D_2^(beta) = ECF(3,beta)*ECF(1,beta)^3/ECF(2,beta)^3 with E_theta
-------------------------------------------------------------------------------------
   beta         D2 obs 
  0.100       1.397274 
  0.200       1.517804 
  0.500       2.508161 
  1.000      10.709981 
  1.500      44.958245 
  2.000     133.988418 
-------------------------------------------------------------------------------------

-------------------------------------------------------------------------------------
EnergyCorrelatorGeneralizedD2:  D_2^(alpha, beta) = ECFN(3,alpha)/ECFN(2,beta)^(3*alpha/beta) with E_theta
-------------------------------------------------------------------------------------
   beta      alpha = 0.100      alpha = 0.200      alpha = 0.500      alpha = 1.000
  0.200             0.3833             1.5178           159.9740       2071485.6064 
  0.500             0.1670             0.2880             2.5082           509.2064 
  1.000             0.1135             0.1330             0.3637            10.7100 
  1.500             0.0907             0.0850             0.1189             1.1438 
  2.000             0.0767             0.0608             0.0514             0.2139 
-------------------------------------------------------------------------------------

-------------------------------------------------------------------------------------
EnergyCorrelatorGeneralized (angles = N Choose 2):  ECFN(N, beta) with E_theta
-------------------------------------------------------------------------------------
   beta     N=1            N=2            N=3            N=4
  0.100    1.00   0.2653865755   0.0261167137   0.0011200786 
  0.200    1.00   0.1668106769   0.0070451023   0.0000956866 
  0.500    1.00   0.0454071552   0.0002348163   0.0000002611 
  1.000    1.00   0.0074693640   0.0000044631   0.0000000006 
  1.500    1.00   0.0019753776   0.0000003465   0.0000000000 
  2.000    1.00   0.0007579352   0.0000000583   0.0000000000 
-------------------------------------------------------------------------------------

-------------------------------------------------------------------------------------
EnergyCorrelatorGeneralized:  ECFG(angles, N, beta=1) with E_theta
-------------------------------------------------------------------------------------
 angles     N=1            N=2            N=3            N=4
      1    1.00   0.0074693640   0.0005219446   0.0000521319 
      2                          0.0000242551   0.0000005388 
      3                          0.0000044631   0.0000000205 
      4                                         0.0000000035 
      5                                         0.0000000011 
      6                                         0.0000000006 
-------------------------------------------------------------------------------------

-------------------------------------------------------------------------------------
EnergyCorrelatorNseries:  N_i(beta) = ECFG(i+1, 2, beta)/ECFG(i, 1, beta)^2 with E_theta
-------------------------------------------------------------------------------------
   beta            N=1            N=2            N=3 
  0.100       0.166811       0.551800       1.506192 
  0.200       0.068920       0.534652       1.521253 
  0.500       0.007469       0.487710       1.598907 
  1.000       0.000758       0.434746       1.977674 
  1.500       0.000207       0.401351       3.333270 
  2.000       0.000082       0.372570       7.518334 
-------------------------------------------------------------------------------------

-------------------------------------------------------------------------------------
EnergyCorrelatorN2:  N2(beta) = ECFG(3, 2, beta)/ECFG(2, 1, beta)^2 with E_theta
-------------------------------------------------------------------------------------
   beta         N2 obs 
  0.100       0.551800 
  0.200       0.534652 
  0.500       0.487710 
  1.000       0.434746 
  1.500       0.401351 
  2.000       0.372570 
-------------------------------------------------------------------------------------

-------------------------------------------------------------------------------------
EnergyCorrelatorN3:  N3(beta) = ECFG(4, 2, beta)/ECFG(3, 1, beta)^2 with E_theta
-------------------------------------------------------------------------------------
   beta         N3 obs 
  0.100       1.506192 
  0.200       1.521253 
  0.500       1.598907 
  1.000       1.977674 
  1.500       3.333270 
  2.000       7.518334 
-------------------------------------------------------------------------------------

-------------------------------------------------------------------------------------
EnergyCorrelatorMseries:  M_i(beta) = ECFG(i+1, 1, beta)/ECFN(i, 1, beta) with E_theta
-------------------------------------------------------------------------------------
   beta            N=1            N=2            N=3 
  0.100       0.265387       0.225134       0.151350 
  0.200       0.166811       0.206335       0.146685 
  0.500       0.045407       0.149607       0.131015 
  1.000       0.007469       0.069878       0.099880 
  1.500       0.001975       0.025930       0.065823 
  2.000       0.000758       0.009248       0.036027 
-------------------------------------------------------------------------------------

-------------------------------------------------------------------------------------
EnergyCorrelatorM2:  M2(beta) = ECFG(3, 1, beta)/ECFG(3, 1, beta) with E_theta
-------------------------------------------------------------------------------------
   beta         M2 obs 
  0.100       0.225134 
  0.200       0.206335 
  0.500       0.149607 
  1.000       0.069878 
  1.500       0.025930 
  2.000       0.009248 
-------------------------------------------------------------------------------------

-------------------------------------------------------------------------------------
EnergyCorrelatorCseries:  C_i(beta) = ECFN(i-1, beta)*ECFN(i+1, beta)/ECFN(i, beta)^2 with E_theta
-------------------------------------------------------------------------------------
   beta                  N=1                  N=2                  N=3 
  0.100         0.2653865755         0.3708178471         0.4358031826 
  0.200         0.1668106769         0.2531859580         0.3215882713 
  0.500         0.0454071552         0.1138884647         0.2150035566 
  1.000         0.0074693640         0.0799967491         0.2142068062 
  1.500         0.0019753776         0.0888095113         0.1793603915 
  2.000         0.0007579352         0.1015545382         0.1138668084 
-------------------------------------------------------------------------------------

-------------------------------------------------------------------------------------
EnergyCorrelatorUseries:  U_i(beta) = ECFG(i+1, 1, beta) with E_theta
-------------------------------------------------------------------------------------
   beta                  N=1                  N=2                  N=3 
  0.100         0.2653865755         0.0597476192         0.0090428096 
  0.200         0.1668106769         0.0344188111         0.0050487063 
  0.500         0.0454071552         0.0067932369         0.0008900155 
  1.000         0.0074693640         0.0005219446         0.0000521319 
  1.500         0.0019753776         0.0000512213         0.0000033715 
  2.000         0.0007579352         0.0000070092         0.0000002525 
-------------------------------------------------------------------------------------

-------------------------------------------------------------------------------------
EnergyCorrelatorU1:  U1(beta) = ECFG(2, 1, beta) with E_theta
-------------------------------------------------------------------------------------
   beta         U1 obs 
  0.100   0.2653865755 
  0.200   0.1668106769 
  0.500   0.0454071552 
  1.000   0.0074693640 
  1.500   0.0019753776 
  2.000   0.0007579352 
-------------------------------------------------------------------------------------

-------------------------------------------------------------------------------------
EnergyCorrelatorU2:  U2(beta) = ECFG(3, 1, beta) with E_theta
-------------------------------------------------------------------------------------
   beta         U2 obs 
  0.100   0.0597476192 
  0.200   0.0344188111 
  0.500   0.0067932369 
  1.000   0.0005219446 
  1.500   0.0000512213 
  2.000   0.0000070092 
-------------------------------------------------------------------------------------

-------------------------------------------------------------------------------------
EnergyCorrelatorU3:  U3(beta) = ECFG(4, 1, beta) with E_theta
-------------------------------------------------------------------------------------
   beta         U3 obs 
  0.100   0.0090428096 
  0.200   0.0050487063 
  0.500   0.0008900155 
  1.000   0.0000521319 
  1.500   0.0000033715 
  2.000   0.0000002525 
-------------------------------------------------------------------------------------

-------------------------------------------------------------------------------------
EnergyCorrelator:  ECF(N,beta) with pt_R
-------------------------------------------------------------------------------------
   beta      N=1 (GeV)    N=2 (GeV^2)    N=3 (GeV^3)    N=4 (GeV^4)     N=5 (GeV^5)
  0.100         910.03      163661.63    10858223.95   340994615.02   5907941830.38 
  0.200         910.03      111307.49     3950123.18    59638399.31    478368362.42 
  0.500         910.03       40470.38      446453.20     2147680.90      5564873.72 
  1.000         910.03       13863.90       65435.19      142222.94       166409.02 
  1.500         910.03        8417.59       26548.97       39560.12        31484.21 
  2.000         910.03        6328.24       16871.11       21081.97        13743.58 
-------------------------------------------------------------------------------------

-------------------------------------------------------------------------------------
EnergyCorrelatorRatio:  r_N^(beta) = ECF(N+1,beta)/ECF(N,beta) with pt_R
-------------------------------------------------------------------------------------
   beta      N=0 (GeV)      N=1 (GeV)      N=2 (GeV)      N=3 (GeV)       N=4 (GeV) 
  0.100       910.0320       179.8416        66.3456        31.4043         17.3256 
  0.200       910.0320       122.3116        35.4884        15.0979          8.0211 
  0.500       910.0320        44.4714        11.0316         4.8105          2.5911 
  1.000       910.0320        15.2345         4.7198         2.1735          1.1701 
  1.500       910.0320         9.2498         3.1540         1.4901          0.7959 
  2.000       910.0320         6.9539         2.6660         1.2496          0.6519 
-------------------------------------------------------------------------------------

-------------------------------------------------------------------------------------
EnergyCorrelatorDoubleRatio:  C_N^(beta) = r_N^(beta)/r_{N-1}^(beta) with pt_R
-------------------------------------------------------------------------------------
   beta            N=1            N=2            N=3            N=4 
  0.100       0.197621       0.368911       0.473344       0.551696 
  0.200       0.134404       0.290147       0.425431       0.531277 
  0.500       0.048868       0.248061       0.436069       0.538632 
  1.000       0.016741       0.309811       0.460503       0.538330 
  1.500       0.010164       0.340980       0.472444       0.534103 
  2.000       0.007641       0.383385       0.468712       0.521701 
-------------------------------------------------------------------------------------

-------------------------------------------------------------------------------------
EnergyCorrelatorC1:  C_1^(beta) = ECF(2,beta)/ECF(1,beta)^2 with pt_R
-------------------------------------------------------------------------------------
   beta         C1 obs 
  0.100       0.197621 
  0.200       0.134404 
  0.500       0.048868 
  1.000       0.016741 
  1.500       0.010164 
  2.000       0.007641 
-------------------------------------------------------------------------------------

-------------------------------------------------------------------------------------
EnergyCorrelatorC2:  C_2^(beta) = ECF(3,beta)*ECF(1,beta)/ECF(2,beta)^2 with pt_R
-------------------------------------------------------------------------------------
   beta         C2 obs 
  0.100       0.368911 
  0.200       0.290147 
  0.500       0.248061 
  1.000       0.309811 
  1.500       0.340980 
  2.000       0.383385 
-------------------------------------------------------------------------------------

-------------------------------------------------------------------------------------
EnergyCorrelatorD2:  D_2^(beta) = ECF(3,beta)*ECF(1,beta)^3/ECF(2,beta)^3 with pt_R
-------------------------------------------------------------------------------------
   beta         D2 obs 
  0.100       1.866758 
  0.200       2.158775 
  0.500       5.076145 
  1.000      18.506536 
  1.500      33.547049 
  2.000      50.172493 
-------------------------------------------------------------------------------------

-------------------------------------------------------------------------------------
EnergyCorrelatorGeneralizedD2:  D_2^(alpha, beta) = ECFN(3,alpha)/ECFN(2,beta)^(3*alpha/beta) with pt_R
-------------------------------------------------------------------------------------
   beta      alpha = 0.100      alpha = 0.200      alpha = 0.500      alpha = 1.000
  0.200             0.2924             2.1588          2039.4962    1029141861.7962 
  0.500             0.0881             0.1962             5.0761          6375.2544 
  1.000             0.0491             0.0610             0.2735            18.5065 
  1.500             0.0361             0.0329             0.0583             0.8404 
  2.000             0.0299             0.0226             0.0229             0.1300 
-------------------------------------------------------------------------------------

-------------------------------------------------------------------------------------
EnergyCorrelatorGeneralized (angles = N Choose 2):  ECFN(N, beta) with pt_R
-------------------------------------------------------------------------------------
   beta     N=1            N=2            N=3            N=4
  0.100    1.00   0.1976212201   0.0144075072   0.0004971883 
  0.200    1.00   0.1344036550   0.0052413202   0.0000869560 
  0.500    1.00   0.0488679347   0.0005923876   0.0000031314 
  1.000    1.00   0.0167406417   0.0000868243   0.0000002074 
  1.500    1.00   0.0101642297   0.0000352272   0.0000000577 
  2.000    1.00   0.0076413374   0.0000223859   0.0000000307 
-------------------------------------------------------------------------------------

-------------------------------------------------------------------------------------
EnergyCorrelatorGeneralized:  ECFG(angles, N, beta=1) with pt_R
-------------------------------------------------------------------------------------
 angles     N=1            N=2            N=3            N=4
      1    1.00   0.0167406417   0.0005149099   0.0000275956 
      2                          0.0001201519   0.0000010521 
      3                          0.0000868243   0.0000003239 
      4                                         0.0000002207 
      5                                         0.0000001864 
      6                                         0.0000002074 
-------------------------------------------------------------------------------------

-------------------------------------------------------------------------------------
EnergyCorrelatorNseries:  N_i(beta) = ECFG(i+1, 2, beta)/ECFG(i, 1, beta)^2 with pt_R
-------------------------------------------------------------------------------------
   beta            N=1            N=2            N=3 
  0.100       0.134404       0.501515       2.093230 
  0.200       0.066590       0.490962       2.107355 
  0.500       0.016741       0.472128       2.270271 
  1.000       0.007641       0.428733       3.968204 
  1.500       0.005197       0.367850      11.456776 
  2.000       0.003938       0.329248      20.513687 
-------------------------------------------------------------------------------------

-------------------------------------------------------------------------------------
EnergyCorrelatorN2:  N2(beta) = ECFG(3, 2, beta)/ECFG(2, 1, beta)^2 with pt_R
-------------------------------------------------------------------------------------
   beta         N2 obs 
  0.100       0.501515 
  0.200       0.490962 
  0.500       0.472128 
  1.000       0.428733 
  1.500       0.367850 
  2.000       0.329248 
-------------------------------------------------------------------------------------

-------------------------------------------------------------------------------------
EnergyCorrelatorN3:  N3(beta) = ECFG(4, 2, beta)/ECFG(3, 1, beta)^2 with pt_R
-------------------------------------------------------------------------------------
   beta         N3 obs 
  0.100       2.093230 
  0.200       2.107355 
  0.500       2.270271 
  1.000       3.968204 
  1.500      11.456776 
  2.000      20.513687 
-------------------------------------------------------------------------------------

-------------------------------------------------------------------------------------
EnergyCorrelatorMseries:  M_i(beta) = ECFG(i+1, 1, beta)/ECFN(i, 1, beta) with pt_R
-------------------------------------------------------------------------------------
   beta            N=1            N=2            N=3 
  0.100       0.197621       0.140440       0.090587 
  0.200       0.134404       0.127907       0.086996 
  0.500       0.048868       0.087042       0.076041 
  1.000       0.016741       0.030758       0.053593 
  1.500       0.010164       0.010637       0.025871 
  2.000       0.007641       0.005839       0.009492 
-------------------------------------------------------------------------------------

-------------------------------------------------------------------------------------
EnergyCorrelatorM2:  M2(beta) = ECFG(3, 1, beta)/ECFG(3, 1, beta) with pt_R
-------------------------------------------------------------------------------------
   beta         M2 obs 
  0.100       0.140440 
  0.200       0.127907 
  0.500       0.087042 
  1.000       0.030758 
  1.500       0.010637 
  2.000       0.005839 
-------------------------------------------------------------------------------------

-------------------------------------------------------------------------------------
EnergyCorrelatorCseries:  C_i(beta) = ECFN(i-1, beta)*ECFN(i+1, beta)/ECFN(i, beta)^2 with pt_R
-------------------------------------------------------------------------------------
   beta                  N=1                  N=2                  N=3 
  0.100         0.1976212201         0.3689110739         0.4733439247 
  0.200         0.1344036550         0.2901472976         0.4254309496 
  0.500         0.0488679347         0.2480607340         0.4360689366 
  1.000         0.0167406417         0.3098112813         0.4605028221 
  1.500         0.0101642297         0.3409799143         0.4724436009 
  2.000         0.0076413374         0.3833849510         0.4687122507 
-------------------------------------------------------------------------------------

-------------------------------------------------------------------------------------
EnergyCorrelatorUseries:  U_i(beta) = ECFG(i+1, 1, beta) with pt_R
-------------------------------------------------------------------------------------
   beta                  N=1                  N=2                  N=3 
  0.100         0.1976212201         0.0277540195         0.0025141656 
  0.200         0.1344036550         0.0171911179         0.0014955586 
  0.500         0.0488679347         0.0042535497         0.0003234433 
  1.000         0.0167406417         0.0005149099         0.0000275956 
  1.500         0.0101642297         0.0001081211         0.0000027972 
  2.000         0.0076413374         0.0000446167         0.0000004235 
-------------------------------------------------------------------------------------

-------------------------------------------------------------------------------------
EnergyCorrelatorU1:  U1(beta) = ECFG(2, 1, beta) with pt_R
-------------------------------------------------------------------------------------
   beta         U1 obs 
  0.100   0.1976212201 
  0.200   0.1344036550 
  0.500   0.0488679347 
  1.000   0.0167406417 
  1.500   0.0101642297 
  2.000   0.0076413374 
-------------------------------------------------------------------------------------

-------------------------------------------------------------------------------------
EnergyCorrelatorU2:  U2(beta) = ECFG(3, 1, beta) with pt_R
-------------------------------------------------------------------------------------
   beta         U2 obs 
  0.100   0.0277540195 
  0.200   0.0171911179 
  0.500   0.0042535497 
  1.000   0.0005149099 
  1.500   0.0001081211 
  2.000   0.0000446167 
-------------------------------------------------------------------------------------

-------------------------------------------------------------------------------------
EnergyCorrelatorU3:  U3(beta) = ECFG(4, 1, beta) with pt_R
-------------------------------------------------------------------------------------
   beta         U3 obs 
  0.100   0.0025141656 
  0.200   0.0014955586 
  0.500   0.0003234433 
  1.000   0.0000275956 
  1.500   0.0000027972 
  2.000   0.0000004235 
-------------------------------------------------------------------------------------

-------------------------------------------------------------------------------------
EnergyCorrelator:  ECF(N,beta) with E_theta
-------------------------------------------------------------------------------------
   beta      N=1 (GeV)    N=2 (GeV^2)    N=3 (GeV^3)    N=4 (GeV^4)     N=5 (GeV^5)
  0.100         934.39      173035.93    11869881.64   387687952.45   7030672399.84 
  0.200         934.39      117791.85     4351824.23    69148951.24    587495287.84 
  0.500         934.39       43220.34      507378.92     2589996.65      7002091.93 
  1.000         934.39       15182.02       75656.66      165115.95       178354.07 
  1.500         934.39        9296.03       30143.02       40417.01        24563.71 
  2.000         934.39        6943.30       18259.83       17679.34         7116.38 
-------------------------------------------------------------------------------------

-------------------------------------------------------------------------------------
EnergyCorrelatorRatio:  r_N^(beta) = ECF(N+1,beta)/ECF(N,beta) with E_theta
-------------------------------------------------------------------------------------
   beta      N=0 (GeV)      N=1 (GeV)      N=2 (GeV)      N=3 (GeV)       N=4 (GeV) 
  0.100       934.3868       185.1866        68.5978        32.6615         18.1349 
  0.200       934.3868       126.0633        36.9450        15.8896          8.4961 
  0.500       934.3868        46.2553        11.7394         5.1047          2.7035 
  1.000       934.3868        16.2481         4.9833         2.1824          1.0802 
  1.500       934.3868         9.9488         3.2426         1.3408          0.6078 
  2.000       934.3868         7.4309         2.6299         0.9682          0.4025 
-------------------------------------------------------------------------------------

-------------------------------------------------------------------------------------
EnergyCorrelatorDoubleRatio:  C_N^(beta) = r_N^(beta)/r_{N-1}^(beta) with E_theta
-------------------------------------------------------------------------------------
   beta            N=1            N=2            N=3            N=4 
  0.100       0.198191       0.370425       0.476130       0.555237 
  0.200       0.134916       0.293067       0.430089       0.534693 
  0.500       0.049503       0.253795       0.434833       0.529617 
  1.000       0.017389       0.306701       0.437950       0.494940 
  1.500       0.010647       0.325926       0.413512       0.453265 
  2.000       0.007953       0.353909       0.368161       0.415742 
-------------------------------------------------------------------------------------

-------------------------------------------------------------------------------------
EnergyCorrelatorC1:  C_1^(beta) = ECF(2,beta)/ECF(1,beta)^2 with E_theta
-------------------------------------------------------------------------------------
   beta         C1 obs 
  0.100       0.198191 
  0.200       0.134916 
  0.500       0.049503 
  1.000       0.017389 
  1.500       0.010647 
  2.000       0.007953 
-------------------------------------------------------------------------------------

-------------------------------------------------------------------------------------
EnergyCorrelatorC2:  C_2^(beta) = ECF(3,beta)*ECF(1,beta)/ECF(2,beta)^2 with E_theta
-------------------------------------------------------------------------------------
   beta         C2 obs 
  0.100       0.370425 
  0.200       0.293067 
  0.500       0.253795 
  1.000       0.306701 
  1.500       0.325926 
  2.000       0.353909 
-------------------------------------------------------------------------------------

-------------------------------------------------------------------------------------
EnergyCorrelatorD2:  D_2^(beta) = ECF(3,beta)*ECF(1,beta)^3/ECF(2,beta)^3 with E_theta
-------------------------------------------------------------------------------------
   beta         D2 obs 
  0.100       1.869035 
  0.200       2.172229 
  0.500       5.126818 
  1.000      17.637552 
  1.500      30.610782 
  2.000      44.502015 
-------------------------------------------------------------------------------------

-------------------------------------------------------------------------------------
EnergyCorrelatorGeneralizedD2:  D_2^(alpha, beta) = ECFN(3,alpha)/ECFN(2,beta)^(3*alpha/beta) with E_theta
-------------------------------------------------------------------------------------
   beta      alpha = 0.100      alpha = 0.200      alpha = 0.500      alpha = 1.000
  0.200             0.2936             2.1722          2081.0777    1038338617.9694 
  0.500             0.0883             0.1966             5.1268          6301.7080 
  1.000             0.0491             0.0607             0.2712            17.6376 
  1.500             0.0361             0.0328             0.0584             0.8180 
  2.000             0.0300             0.0227             0.0234             0.1308 
-------------------------------------------------------------------------------------

-------------------------------------------------------------------------------------
EnergyCorrelatorGeneralized (angles = N Choose 2):  ECFN(N, beta) with E_theta
-------------------------------------------------------------------------------------
   beta     N=1            N=2            N=3            N=4
  0.100    1.00   0.1981905437   0.0145501117   0.0005085991 
  0.200    1.00   0.1349155085   0.0053344701   0.0000907149 
  0.500    1.00   0.0495033749   0.0006219455   0.0000033978 
  1.000    1.00   0.0173890665   0.0000927400   0.0000002166 
  1.500    1.00   0.0106474132   0.0000369493   0.0000000530 
  2.000    1.00   0.0079526591   0.0000223829   0.0000000232 
-------------------------------------------------------------------------------------

-------------------------------------------------------------------------------------
EnergyCorrelatorGeneralized:  ECFG(angles, N, beta=1) with E_theta
-------------------------------------------------------------------------------------
 angles     N=1            N=2            N=3            N=4
      1    1.00   0.0173890665   0.0005243822   0.0000276026 
      2                          0.0001290539   0.0000011436 
      3                          0.0000927400   0.0000003720 
      4                                         0.0000002479 
      5                                         0.0000002021 
      6                                         0.0000002166 
-------------------------------------------------------------------------------------

-------------------------------------------------------------------------------------
EnergyCorrelatorNseries:  N_i(beta) = ECFG(i+1, 2, beta)/ECFG(i, 1, beta)^2 with E_theta
-------------------------------------------------------------------------------------
   beta            N=1            N=2            N=3 
  0.100       0.134916       0.502292       2.091587 
  0.200       0.067180       0.491827       2.107891 
  0.500       0.017389       0.472830       2.289141 
  1.000       0.007953       0.426794       4.159019 
  1.500       0.005251       0.366194      11.630367 
  2.000       0.003828       0.328039      19.240170 
-------------------------------------------------------------------------------------

-------------------------------------------------------------------------------------
EnergyCorrelatorN2:  N2(beta) = ECFG(3, 2, beta)/ECFG(2, 1, beta)^2 with E_theta
-------------------------------------------------------------------------------------
   beta         N2 obs 
  0.100       0.502292 
  0.200       0.491827 
  0.500       0.472830 
  1.000       0.426794 
  1.500       0.366194 
  2.000       0.328039 
-------------------------------------------------------------------------------------

-------------------------------------------------------------------------------------
EnergyCorrelatorN3:  N3(beta) = ECFG(4, 2, beta)/ECFG(3, 1, beta)^2 with E_theta
-------------------------------------------------------------------------------------
   beta         N3 obs 
  0.100       2.091587 
  0.200       2.107891 
  0.500       2.289141 
  1.000       4.159019 
  1.500      11.630367 
  2.000      19.240170 
-------------------------------------------------------------------------------------

-------------------------------------------------------------------------------------
EnergyCorrelatorMseries:  M_i(beta) = ECFG(i+1, 1, beta)/ECFN(i, 1, beta) with E_theta
-------------------------------------------------------------------------------------
   beta            N=1            N=2            N=3 
  0.100       0.198191       0.140807       0.091081 
  0.200       0.134916       0.127947       0.087436 
  0.500       0.049503       0.086121       0.076197 
  1.000       0.017389       0.030156       0.052638 
  1.500       0.010647       0.010921       0.024416 
  2.000       0.007953       0.006325       0.009110 
-------------------------------------------------------------------------------------

-------------------------------------------------------------------------------------
EnergyCorrelatorM2:  M2(beta) = ECFG(3, 1, beta)/ECFG(3, 1, beta) with E_theta
-------------------------------------------------------------------------------------
   beta         M2 obs 
  0.100       0.140807 
  0.200       0.127947 
  0.500       0.086121 
  1.000       0.030156 
  1.500       0.010921 
  2.000       0.006325 
-------------------------------------------------------------------------------------

-------------------------------------------------------------------------------------
EnergyCorrelatorCseries:  C_i(beta) = ECFN(i-1, beta)*ECFN(i+1, beta)/ECFN(i, beta)^2 with E_theta
-------------------------------------------------------------------------------------
   beta                  N=1                  N=2                  N=3 
  0.100         0.1981905437         0.3704251544         0.4761303115 
  0.200         0.1349155085         0.2930674174         0.4300888197 
  0.500         0.0495033749         0.2537948134         0.4348330516 
  1.000         0.0173890665         0.3067005727         0.4379497669 
  1.500         0.0106474132         0.3259256469         0.4135119649 
  2.000         0.0079526591         0.3539093501         0.3681613681 
-------------------------------------------------------------------------------------

-------------------------------------------------------------------------------------
EnergyCorrelatorUseries:  U_i(beta) = ECFG(i+1, 1, beta) with E_theta
-------------------------------------------------------------------------------------
   beta                  N=1                  N=2                  N=3 
  0.100         0.1981905437         0.0279066279         0.0025417550 
  0.200         0.1349155085         0.0172619856         0.0015093221 
  0.500         0.0495033749         0.0042632685         0.0003248489 
  1.000         0.0173890665         0.0005243822         0.0000276026 
  1.500         0.0106474132         0.0001162849         0.0000028392 
  2.000         0.0079526591         0.0000503042         0.0000004582 
-------------------------------------------------------------------------------------

-------------------------------------------------------------------------------------
EnergyCorrelatorU1:  U1(beta) = ECFG(2, 1, beta) with E_theta
-------------------------------------------------------------------------------------
   beta         U1 obs 
  0.100   0.1981905437 
  0.200   0.1349155085 
  0.500   0.0495033749 
  1.000   0.0173890665 
  1.500   0.0106474132 
  2.000   0.0079526591 
-------------------------------------------------------------------------------------

-------------------------------------------------------------------------------------
EnergyCorrelatorU2:  U2(beta) = ECFG(3, 1, beta) with E_theta
-------------------------------------------------------------------------------------
   beta         U2 obs 
  0.100   0.0279066279 
  0.200   0.0172619856 
  0.500   0.0042632685 
  1.000   0.0005243822 
  1.500   0.0001162849 
  2.000   0.0000503042 
-------------------------------------------------------------------------------------

-------------------------------------------------------------------------------------
EnergyCorrelatorU3:  U3(beta) = ECFG(4, 1, beta) with E_theta
-------------------------------------------------------------------------------------
   beta         U3 obs 
  0.100   0.0025417550 
  0.200   0.0015093221 
  0.500   0.0003248489 
  1.000   0.0000276026 
  1.500   0.0000028392 
  2.000   0.0000004582 
-------------------------------------------------------------------------------------

